// Jest Snapshot v1, https://goo.gl/fbAQLP

exports[`Post List Component  should render state from store 1`] = `<div />`;
